// Jest Snapshot v1, https://jestjs.io/docs/snapshot-testing

exports[`Hello component async render 1`] = `
<div
  style="color: red;"
>
  data
</div>
`;
